{
  "Id": "Id",
  "SagaId": "753ab986-9699-4d06-9be5-ff923063d19d",
  "UniqueValue": "UniqueValue",
  "SagaDocId": "SagaDocId"
}