{
  "Id": "Id",
  "IdentityDocId": "IdentityDocId",
  "Data": {
    "Id": "00000000-0000-0000-0000-000000000000",
    "Originator": null,
    "OriginalMessageId": null
  }
}