{
  "Id": "Id",
  "MessageType": "System.Object, Version=4.0.0",
  "Subscribers": [
    {
      "TransportAddress": "TransportAddress",
      "Endpoint": "Endpoint"
    }
  ]
}