{
  "Id": "Id",
  "Destination": "Destination",
  "SagaId": "05f4b926-fd16-486f-8440-7ed42ba2c4df",
  "State": "",
  "Time": "2020-05-06T10:10:10.01",
  "OwningTimeoutManager": "OwningTimeoutManager",
  "Headers": {}
}